4GF4_A
1OCY_A
4H4N_A
2HNG_A
1Z21_A
1PZW_A
2PV4_A
4N6Q_A
2ZQM_A
2XSE_A
4K7B_A
3L1N_A
3RIP_A
3CAN_A
3KLT_A
1IFR_A
1WHZ_A
4RDR_A
3K1T_A
3U4G_A
5LPC_A
2BTD_A
2ZWS_A
3J9C_A
2ETD_A
3IFU_A
1WJX_A
4FUV_A
4N3Z_A
5KIS_A
3K3V_A
4E4B_A
1Z27_A
4EO0_A
5GV0_A
2QTP_A
1BXE_A
3ZLD_A
3BW6_A
4LQZ_A
1N7U_A
3DT5_A
3KYZ_A
6DKU_A
2J7O_A
3ZII_A
4XPM_A
3G27_A
3RNV_A
4ONR_A
5YCQ_A
1TLQ_A
2V7S_A
3LUU_A
4EGC_A
3H7Z_A
4H3T_A
3CNI_A
4YX5_A
2PK8_A
2IRX_A
3JU3_A
2NML_A
3B47_A
1DZL_A
4G79_A
3G2B_A
4RDB_A
2X3M_A
5GMY_A
4A4Y_A
1J3A_A
4F55_A
3LYR_A
4MI7_A
2WVN_A
2NSA_A
1OZ9_A
2HUH_A
1R8I_A
3J26_A
4XXB_A
5C17_A
1ZHV_A
3C9P_A
4ZZF_A
4HSP_A
1ZLD_A
3ESM_A
4F98_A
3DD9_A
2OB5_A
3U64_A
2ES9_A
6INE_A
1ZX3_A
2WB6_A
3HZQ_A
1OW1_A
3I4R_A
2AXC_A
4G29_A
4HLB_A
1ZVU_A
3GQU_A
2J9V_A
5HDW_A
1ORY_A
3FDD_A
3URG_A
2FM9_A
3S6Z_A
3GA8_A
1YN4_A
1OLT_A
3GMV_A
3Q1C_A
2XZ2_A
1J3E_C
3TTG_A
2YGN_A
1XAK_A
5TA1_A
2E7V_A
4AF1_A
2IIA_A
3TEE_A
4MTM_A
4EPA_A
2QAS_A
3DJL_A
2FFM_A
1U84_A
4EO1_A
5YHI_A
4LB8_A
3BN0_A
2HC8_A
1D66_C
4HWF_A
3NR5_A
2XG7_A
3GIA_A
4YYP_A
4QRL_A
3IOX_A
2PW6_A
6AEQ_A
4JWG_A
3K2T_A
1AOL_A
1R8O_A
3A4C_A
6E6R_A
4FVG_A
2HW2_A
1JK4_A
4I66_A
2X4J_A
3BV8_A
2Z84_A
1LN4_A
3ZRH_A
2WVI_A
1VR8_A
3HYN_A
3EMI_A
1Q5Z_A
2IJE_A
3CMN_A
3VOR_A
3BKF_A
3U2A_A
2X5R_A
1Y0N_A
2V75_A
3SGG_A
5TPM_A
3FXH_A
3GS9_A
2Y1B_A
2HQV_A
2PFT_A
3IU0_A
1WHI_A
3GUQ_A
4MLK_A
5FCY_A
1G2R_A
2I9I_A
1VK9_A
1IZM_A
2JEK_A
1I3P_A
5NRM_A
1KUU_A
4ILR_A
1Z67_A
2YZT_A
2NRQ_A
4A6Q_A
4AF8_A
3C0F_A
3T4R_A
4EG9_A
2QTI_A
4AX2_A
1HE9_A
3Q13_A
2FSU_A
5L16_A
3NX6_A
3K63_A
3CJY_A
3HZ7_A
1DMG_A
3K1H_A
3H36_A
3N54_A
3GBW_A
4EOG_A
2I5U_A
1QHL_A
4OSN_A
5LZN_A
3RVC_A
6CFW_A
3VVV_A
3MVN_A
5A48_A
4HHX_A
2W2S_A
1XOU_A
3RMQ_A
2D9R_A
3E8V_A
4HFV_A
2ATZ_A
3UAF_A
3FAY_A
2IGP_A
4AK3_A
4J29_A
1DFU_C
2X6U_A
4YYC_A
1J1V_C
1QQH_A
5HAY_A
1NJH_A
2H36_A
3ONH_A
4JOX_A
2PSB_A
1PDO_A
5GNA_A
3FFY_A
4H79_A
4E6S_A
2R9I_A
2YK0_A
1TUL_A
4PS6_A
1M5I_A
2XKJ_A
3CWY_A
3ZCI_A
2EDM_A
2Y6X_A
4GMQ_A
2NR7_A
2XRH_A
1PG6_A
3THG_A
3S9X_A
3ZIL_A
1QYS_A
4CGU_A
3T7Z_A
3CTV_A
2EFV_A
4YJW_A
2FD4_A
1S7Z_A
4PWW_A
2WKD_A
4NSO_A
4ER8_A
2DUY_A
3X0G_A
2NWV_A
1CFR_A
4UOI_A
4E6H_A
3WX4_A
2J71_A
4K51_A
3IF0_A
2W9Y_A
3PLW_A
5W6M_A
3ZTA_A
1PUC_A
1ZVC_A
1Y02_A
3NPH_A
4JHY_A
4HFL_A
3TS9_A
1Y0K_A
3N6Z_A
3KQ5_A
3M66_A
3LTI_A
3CBN_A
2QDJ_A
3VX7_A
1L2P_A
5WLN_A
1ZJC_A
5YY0_A
4ATG_A
4ITQ_A
2CXH_A
4IL7_A
6DS6_A
3UC9_A
16VP_A
3KCW_A
5XNS_A
4NI6_A
3JC2_A
3ZGH_A
3H25_A
1TUW_A
3ZR8_A
1DVO_A
1IU9_A
2YV4_A
5FGP_A
3RJ2_A
3UH8_A
3U97_A
2RH3_A
3WIT_A
2V1L_A
2RAA_A
4HS2_A
1SKN_C
4IOH_A
2ISB_A
3RF2_A
3FYQ_A
3T5Q_A
2J49_A
4CU2_A
3A57_A
4P1M_A
5W33_A
2HLY_A
3ADY_A
2X3G_A
1YGT_A
5LZ6_A
3PMQ_A
4N7Q_A
4HTO_A
5KVK_A
2GTS_A
1S2X_A
4FWV_A
4L3U_A
2FUP_A
1WV8_A
1UJ8_A
2C0N_A
4KBX_A
2HL7_A
3CQ1_A
4GL3_A
2AP3_A
3OV5_A
2BZ1_A
1YQ8_A
2WZO_A
2W0G_A
4ZGF_A
4CHD_A
5ZWU_A
1NYH_A
1G5Z_A
2O0A_A
4WHI_A
4H14_A
1SBX_A
3M7D_A
3UJZ_A
4ZLD_A
4MNN_A
3LMF_A
3N2Q_A
1J5U_A
3L9A_A
2YQ0_A
2IAF_A
3NRY_A
4O65_A
4R7R_A
2W6B_A
2XF6_A
3BT4_A
3SB3_A
2VQC_A
3FAJ_A
4KC9_A
4QND_A
4GDZ_A
1U7U_A
5VQP_A
2QSR_A
3PMD_A
4Q63_A
2Z44_A
3G7P_A
3V0R_A
3UT7_A
1MSC_A
1SIG_A
5XAP_A
2IQC_A
4ESQ_A
5VTM_A
3F3B_A
2AYD_A
3ULX_A
3Q5X_A
4JW1_A
2VVD_A
4HN7_A
4GDO_A
2IA7_A
3NZL_A
1R75_A
3I4U_A
3VBC_A
2IAY_A
2BBH_A
4LQE_A
1VCC_A
3VGP_A
2J6A_A
1U9P_A
3OKQ_A
5EE2_A
1R9W_A
3QFL_A
2XL4_A
4JM1_A
5TT6_A
2DVK_A
4DNY_A
3ISY_A
1N81_A
1X6J_A
2B8I_A
3H0N_A
2XVS_A
3KLU_A
5ZVQ_A
2VGA_A
2P14_A
3D2N_A
3EWG_A
3VTN_A
2P6V_A
1O22_A
1LXJ_A
3PM2_A
1VP8_A
1UKF_A
2B0A_A
2Q82_A
4NJC_A
4A2N_A
4FBS_A
4F54_A
3HQG_A
3BCY_A
2H8E_A
4JGL_A
3V46_A
4EPZ_A
3MST_A
1WY6_A
1JOB_A
5GHS_A
1DMU_B
3U4K_A
5EJH_A
4QNI_A
3WWL_A
1P4P_A
1AD6_A
2A1V_A
3MNF_A
2YSK_A
6E5X_A
1QXX_A
4L9H_A
2DMA_A
1Q8D_A
4ZEM_A
2ARA_A
2YNK_A
1RYQ_A
4BOB_A
4OBI_A
2ILR_A
4KF8_A
2CIU_A
3LF9_A
3ZCO_A
1914_A
2FCW_A
2AU5_A
6HLX_A
3HON_A
3MX7_A
2P22_A
1YIB_A
4MDW_A
3JRT_A
4JE3_A
6CGV_A
3DUZ_A
1L3P_A
1UOY_A
2FI0_A
3C64_A
3FO8_A
4FR9_A
2OEB_A
2GPI_A
2CWY_A
2BZF_A
3PU6_A
4P79_A
3NS4_A
2CKX_A
4FTD_A
2PWW_A
4J8S_A
4L1N_A
1J27_A
4HWM_A
4FZ4_A
3SD2_A
1QW2_A
3FZX_A
6JPT_A
6DKE_A
3FCN_A
5AFB_A
3NOH_A
2QUO_A
